// Jest Snapshot v1, https://goo.gl/fbAQLP

exports[`GET / status should be 200 1`] = `"[{\\"location\\":\\"https://localhost:3000/test1\\",\\"images\\":[\\"https://localhost:3000/image1.png\\",\\"https://localhost:3000/image2.png\\"]},{\\"location\\":\\"https://localhost:3000/test2\\",\\"images\\":[\\"https://localhost:3000/image1.png\\",\\"https://localhost:3000/image2.png\\"]},{\\"location\\":\\"https://example.com/test3\\"}]"`;
